== alpha 100
Carb accuracy (target): n=611 MAE 31.8 g (constant baseline 27.4 g) | bias +0.2 g | median AE 23.4 g | Spearman 0.30 | mean reference 52.6 g
Carb accuracy (all): n=867 MAE 31.1 g (constant baseline 27.0 g) | bias +0.3 g | median AE 23.0 g | Spearman 0.34 | mean reference 53.1 g
AUROC none       0.677
AUROC reference  0.754
AUROC photo      0.705
gain_reference               +0.077  95% CI [+0.043, +0.118]  width 0.075
gain_photo                   +0.028  95% CI [+0.008, +0.052]  width 0.043
delta_photo_minus_reference  -0.048  95% CI [-0.089, -0.014]  width 0.075
RQ1 non-inferiority (margin 0.03): inconclusive | incremental value of photo: positive
== alpha 1000
Carb accuracy (target): n=611 MAE 23.1 g (constant baseline 27.4 g) | bias -6.9 g | median AE 18.2 g | Spearman 0.44 | mean reference 52.6 g
Carb accuracy (all): n=867 MAE 22.8 g (constant baseline 27.0 g) | bias -7.3 g | median AE 18.1 g | Spearman 0.46 | mean reference 53.1 g
AUROC none       0.677
AUROC reference  0.754
AUROC photo      0.723
gain_reference               +0.077  95% CI [+0.043, +0.118]  width 0.075
gain_photo                   +0.046  95% CI [+0.014, +0.080]  width 0.065
delta_photo_minus_reference  -0.031  95% CI [-0.071, +0.003]  width 0.074
RQ1 non-inferiority (margin 0.03): inconclusive | incremental value of photo: positive
